<html>
<body>
<pre>
<h1>µVision Build Log</h1>
<h2>Tool Versions:</h2>
IDE-Version: ¦ÌVision V5.22.0.0
Copyright (C) 2016 ARM Ltd and ARM Germany GmbH. All rights reserved.
License Information: w Sunny, sms, LIC=YA3Z9-4AQ9Q-0NKAM-X7QJL-TF58W-NSI2D
 
Tool Versions:
Toolchain:       MDK-ARM Plus  Version: 5.22
Toolchain Path:  D:\Keil_v5.22\ARM\ARMCC\Bin
C Compiler:      Armcc.exe V5.06 update 4 (build 422)
Assembler:       Armasm.exe V5.06 update 4 (build 422)
Linker/Locator:  ArmLink.exe V5.06 update 4 (build 422)
Library Manager: ArmAr.exe V5.06 update 4 (build 422)
Hex Converter:   FromElf.exe V5.06 update 4 (build 422)
CPU DLL:         SARMCM3.DLL V5.22
Dialog DLL:      DCM.DLL V1.13.9.0
Target DLL:      UL2CM3.DLL V1.159.0.0
Dialog DLL:      TCM.DLL V1.21.0.0
 
<h2>Project:</h2>
D:\workdir\rtx_blinky\Blinky.uvprojx
Project File Date:  01/04/2017

<h2>Output:</h2>
*** Using Compiler 'V5.06 update 4 (build 422)', folder: 'D:\Keil_v5.22\ARM\ARMCC\Bin'
Build target 'LPC1857 Flash'
compiling LED_MCB1800.c...
compiling Blinky.c...
compiling RTX_Conf_CM.c...
compiling GPIO_LPC18xx.c...
assembling startup_LPC18xx.s...
compiling SCU_LPC18xx.c...
compiling system_LPC18xx.c...
linking...
Program Size: Code=9984 RO-data=1084 RW-data=88 ZI-data=4752  
After Build - User command #1: D:\Keil_v5.22\\ARM\BIN\ElfDwT.exe .\Flash\Blinky.axf BASEADDRESS(0x1A000000)
ELFDWT - Signature Creator V1.2.0.0
COPYRIGHT Copyright (C) 2014-2016, ARM Ldt. and  ARM Germany GmbH
*** Updated Signature over Range[32] (0x1A000000 - 0x1A000018): @0x1A00001C = 0x53FFAEAE
*** Processing completed, no Errors.
".\Flash\Blinky.axf" - 0 Error(s), 0 Warning(s).

<h2>Software Packages used:</h2>

Package Vendor: ARM
                http://www.keil.com/pack/ARM.CMSIS.5.0.0.pack
                ::CMSIS:RTOS:1.0 (API)
                CMSIS (Cortex Microcontroller Software Interface Standard)
   * Component: RTOS Version: 1.0
   * Component: CORE Version: 5.0.0
   * Component: Keil RTX Version: 4.81.0

Package Vendor: Keil
                http://www.keil.com/pack/Keil.LPC1800_DFP.2.6.0.pack
                Keil::Device:SCU:1.1
                NXP LPC1800 Series Device Support, Drivers and Examples
   * Component: SCU Version: 1.1
   * Component: Startup Version: 1.0.0
   * Component: GPIO Version: 1.0
   * Component: LED Version: 1.0.0

Package Vendor: Keil
                http://www.keil.com/pack/Keil.MDK-Middleware.7.3.0.pack
                ::Board Support:LED:1.00 (API)
                Keil MDK-ARM Professional Middleware for ARM Cortex-M based devices
   * Component: LED Version: 1.00

<h2>Collection of Component include folders:</h2>
  D:\workdir\rtx_blinky\RTE\Device\LPC1857
  D:\workdir\rtx_blinky\RTE\_LPC1857_Flash
  D:\Keil_v5.22\ARM\PACK\ARM\CMSIS\5.0.0\CMSIS\Include
  D:\Keil_v5.22\ARM\PACK\ARM\CMSIS\5.0.0\CMSIS\RTOS\RTX\INC
  D:\Keil_v5.22\ARM\PACK\Keil\LPC1800_DFP\2.6.0\Device\Include
  D:\Keil_v5.22\ARM\PACK\Keil\LPC1800_DFP\2.6.0\RTE_Driver
  D:\Keil_v5.22\ARM\PACK\Keil\MDK-Middleware\7.3.0\Board

<h2>Collection of Component Files used:</h2>

   * Component: ::CMSIS:RTOS:1.0 (API)

   * Component: ARM::CMSIS:CORE:5.0.0

   * Component: ARM::CMSIS:RTOS:Keil RTX:4.81.0
      Source file:   CMSIS\RTOS\RTX\UserCodeTemplates\Mutex.c
      Source file:   CMSIS\RTOS\RTX\UserCodeTemplates\MemPool.c
      Source file:   CMSIS\RTOS\RTX\UserCodeTemplates\main.c
      Source file:   CMSIS\RTOS\RTX\UserCodeTemplates\MsgQueue.c
      Include file:  CMSIS\RTOS\RTX\UserCodeTemplates\osObjects.h
      Source file:   CMSIS\RTOS\RTX\UserCodeTemplates\MailQueue.c
      Library file:  CMSIS\RTOS\RTX\LIB\ARM\RTX_CM3.lib
      Include file:  CMSIS\RTOS\RTX\INC\cmsis_os.h
      Source file:   CMSIS\RTOS\RTX\SRC\ARM\SVC_Table.s
      Source file:   CMSIS\RTOS\RTX\UserCodeTemplates\Thread.c
      Source file:   CMSIS\RTOS\RTX\Templates\RTX_Conf_CM.c
      Source file:   CMSIS\RTOS\RTX\UserCodeTemplates\Timer.c
      Source file:   CMSIS\RTOS\RTX\UserCodeTemplates\Semaphore.c

   * Component: Keil::Device:SCU:1.1
      Include file:  RTE_Driver\SCU_LPC18xx.h
      Source file:   RTE_Driver\SCU_LPC18xx.c

   * Component: Keil::Device:Startup:1.0.0
      Source file:   Device\Source\system_LPC18xx.c
      Include file:  RTE_Driver\Config\RTE_Device.h
      Source file:   Device\Source\ARM\startup_LPC18xx.s

   * Component: Keil::Device:GPIO:1.0
      Include file:  RTE_Driver\GPIO_LPC18xx.h
      Source file:   RTE_Driver\GPIO_LPC18xx.c

   * Component: Keil.MCB1800::Board Support:LED:1.0.0
      Source file:   Boards\Keil\MCB1800\Common\LED_MCB1800.c

   * Component: ::Board Support:LED:1.00 (API)
      Include file:  Board\Board_LED.h
Build Time Elapsed:  00:00:04
</pre>
</body>
</html>
